251 클래스, 객체, 인스턴스

클래스, 객체, 인스턴스에 대해 설명해봅시다.

​클래스(class)는  주로 어떤 틀에 비유됩니다. 즉, 똑같은 무엇을 계속 만들어 내는 것에 비유됩니다. 그 이유는 클래스는 객체(object)를 정의하고 만들기 위한 변수와 메서드의 집합이기 때문입니다. 클래스(class)의 객체(object)가 소프트웨어에 실체화되면 이제 그것을 인스턴스(instance)라고 부릅니다.

​

252 클래스 정의

비어있는 사람 (Human) 클래스를 "정의" 해보세요.

​
class Human:
pass
​

253 인스턴스 생성

사람 (Human) 클래스의 인스턴스를 "생성" 하고 이를 areum 변수로 바인딩해보세요.

​class Human:
pass

​areum = Human()

254 클래스 생성자-1

사람 (Human) 클래스에 "응애응애"를 출력하는 생성자를 추가하세요.

>>> areum = Human() 응애응애 


class Human:
def __init__(self):
print("응애응애")
areum = Human()

​

​

255 클래스 생성자-2

사람 (Human) 클래스에 (이름, 나이, 성별)을 받는 생성자를 추가하세요.

>>> areum = Human("아름", 25, "여자") 



class Human:
def __init__(self, name, age, sex):
self.name = name
self.age = age
self.sex = sex
areum = Human("아름", 25, "여자")
print(areum.name)

​

256 인스턴스 속성에 접근

255에서 생성한 인스턴스의 이름, 나이, 성별을 출력하세요. 인스턴스 변수에 접근하여 값을 출력하면 됩니다.

이름: 조아름, 나이: 25, 성별: 여자 

인스턴스 변수에 접근하여 값을 가져오는 예

​

>>> areum.age 25

class Human:
def __init__(self, name, age, sex):
self.name = name
self.age = age
self.sex = sex
areum = Human("아름", 25, "여자")
print(areum.age)

​

257 클래스 메소드 - 1

사람 (Human) 클래스에서 이름, 나이, 성별을 출력하는 who() 메소드를 추가하세요.

>>> areum.who() 이름: 조아름, 나이: 25, 성별: 여자 

​class Human:
def __init__(self, name, age, sex):
self.name = name
self.age = age
self.sex = sex
    
def who(self):
print("이름: {} 나이: {} 성별: {}".format(self.name, self.age, self.sex))

areum = Human("아름", 25, "여자")
Human.who(areum)


​

258 클래스 메소드 - 2

사람 (Human) 클래스에 (이름, 나이, 성별)을 받는 setInfo 메소드를 추가하세요.


class Human:
def __init__(self, name, age, sex):
self.name = name
self.age = age
self.sex = sex

def who(self):
print("이름: {} 나이: {} 성별: {}".format(self.name, self.age, self.sex))

​def setInfo(self, name, age, sex):
self.name = name
self.age = age
self.sex = sex

areum = Human("불명", "미상", "모름")
Human.who(areum)

​
areum.setInfo("아름", 25, "여자")
Human.who(areum)

​


259 클래스 소멸자

사람 (human) 클래스에 "나의 죽음을 알리지 말라"를 출력하는 소멸자를 추가하세요.

​

>>> areum = Human("아름", 25, "여자") 

>>> del areum 나의 죽음을 알리지 말라 

​class Human:
def __init__(self, name, age, sex): #생성자 함수
self.name = name
self.age = age
self.sex = sex

def __del__(self):
print("나의 죽음을 알리지마라")

def who(self):
print("이름: {} 나이: {} 성별: {}".format(self.name, self.age, self.sex))

def setInfo(self, name, age, sex):
self.name = name
self.age = age
self.sex = sex

areum = Human("아름", 25, "여자")
del(areum)

​

260 에러의 원인

아래와 같은 에러가 발생한 원인에 대해 설명하세요.

​
class OMG : 

    def print() : 

        print("Oh my god") 

>>> myStock = OMG() 

>>> myStock.print() 

TypeError Traceback (most recent call last) <ipython-input-233-c85c04535b22> in <module>() ----> myStock.print() TypeError: print() takes 0 positional arguments but 1 was given

def print(): 가로안에 self가 들어가야 한다